
[1m[46m RUN [49m[22m [36mv4.0.17 [39m[90mC:/Projects/onlineimageshrinker[39m

npx : [31mÔÄ»ÔÄ»ÔÄ»Ô
Ä»ÔÄ»ÔÄ»[39m[1m[41
m Unhandled Errors [
49m[22m[31mÔÄ»ÔÄ»ÔÄ
»ÔÄ»ÔÄ»ÔÄ»[39m
At line:1 char:1
+ npx vitest run > 
test_output.txt 2>&1
+ ~~~~~~~~~~~~~~~~~~~
~~~~~~~~~~~~~~~~~~
    + CategoryInfo   
           : NotSpe  
  cified: ([31mÔÄ   
 »ÔÄ»ÔÄ»Ô...»ÔÄ»Ô    
Ä»ÔÄ»[39m:Strin    
g) [], RemoteExc    
eption
    + FullyQualified 
   ErrorId : Native  
  CommandError
 
[31m[1m
Vitest caught 1 
unhandled error 
during the test run.
This might cause 
false positive 
tests. Resolve 
unhandled errors to 
make sure your tests 
are not 
affected.[22m[39m

[31mÔÄ»ÔÄ»ÔÄ»ÔÄ»ÔÄ»Ô
Ä»[39m[1m[41m 
Unhandled Error [49m
[22m[31mÔÄ»ÔÄ»ÔÄ»ÔÄ
»ÔÄ»ÔÄ»ÔÄ»[39m
[31m[1mError[22m: 
[vitest-pool]: 
Failed to start 
forks worker for 
test files C:/Project
s/onlineimageshrinker
/src/components/__tes
ts__/ToolSelector.tes
t.jsx.[39m
[90m [2mÔØ»[22m no
de_modules/vitest/dis
t/chunks/cli-api.Cx2D
W4Bc.js:[2m8046:94[
22m[39m
[90m [2mÔØ»[22m pr
ocessTicksAndRejectio
ns node:internal/proc
ess/task_queues:[2m9
5:5[22m[39m
[90m [2mÔØ»[22m 
Pool.schedule node_mo
dules/vitest/dist/chu
nks/cli-api.Cx2DW4Bc.
js:[2m8046:5[22m[3
9m

[31m[1mCaused by: 
Error[22m: 
require() of ES 
Module C:\Projects\on
lineimageshrinker\nod
e_modules\@exodus\byt
es\encoding-lite.js 
from C:\Projects\onli
neimageshrinker\node_
modules\html-encoding
-sniffer\lib\html-enc
oding-sniffer.js not 
supported.
Instead change the 
require of 
encoding-lite.js in C
:\Projects\onlineimag
eshrinker\node_module
s\html-encoding-sniff
er\lib\html-encoding-
sniffer.js to a 
dynamic import() 
which is available 
in all CommonJS 
modules.[39m
[90m [2mÔØ»[22m 
Object.<anonymous> no
de_modules/html-encod
ing-sniffer/lib/html-
encoding-sniffer.js:
[2m2:41[22m[39m

[31m[2mÔÄ»ÔÄ»ÔÄ»ÔÄ»
ÔÄ»ÔÄ»ÔÄ»ÔÄ»ÔÄ»ÔÄ»ÔÄ»
ÔÄ»ÔÄ»ÔÄ»ÔÄ»ÔÄ»ÔÄ»ÔÄ»
ÔÄ»ÔÄ»ÔÄ»ÔÄ»ÔÄ»ÔÄ»ÔÄ»
ÔÄ»ÔÄ»ÔÄ»ÔÄ»ÔÄ»[22m
[39m
[31m[1mSerialized 
Error:[22m[39m 
[90m{ code: 
'ERR_REQUIRE_ESM' 
}[39m
[31mÔÄ»ÔÄ»ÔÄ»ÔÄ»ÔÄ»Ô
Ä»ÔÄ»ÔÄ»ÔÄ»ÔÄ»ÔÄ»ÔÄ»Ô
Ä»ÔÄ»ÔÄ»ÔÄ»ÔÄ»ÔÄ»ÔÄ»Ô
Ä»ÔÄ»ÔÄ»ÔÄ»ÔÄ»ÔÄ»ÔÄ»Ô
Ä»ÔÄ»ÔÄ»ÔÄ»[39m


[2m Test Files [22m [2mno tests[22m
[2m      Tests [22m [2mno tests[22m
[2m     Errors [22m [1m[31m1 error[39m[22m
[2m   Start at [22m 21:46:18
[2m   Duration [22m 259ms[2m (transform 0ms, setup 0ms, import 0ms, tests 0ms, environment 0ms)[22m

